2025-04-10 03:36:02,132 - INFO - 开始爬取 sina 的新闻...
2025-04-10 03:36:02,132 - INFO - ====== WebDriver manager ======
2025-04-10 03:36:03,013 - INFO - Get LATEST chromedriver version for google-chrome
2025-04-10 03:36:25,506 - INFO - Get LATEST chromedriver version for google-chrome
2025-04-10 03:36:26,026 - INFO - Driver [C:\Users\Administrator\.wdm\drivers\chromedriver\win64\135.0.7049.84\chromedriver-win32/chromedriver.exe] found in cache
2025-04-10 03:36:29,563 - INFO - 成功提取 20 条新闻数据
2025-04-10 03:36:30,298 - INFO - 成功提取 20 条新闻数据
2025-04-10 03:36:31,042 - INFO - 成功提取 20 条新闻数据
2025-04-10 03:36:31,758 - INFO - 成功提取 20 条新闻数据
2025-04-10 03:36:32,550 - INFO - 成功提取 20 条新闻数据
2025-04-10 03:36:33,324 - INFO - 成功提取 20 条新闻数据
2025-04-10 03:36:34,113 - INFO - 成功提取 20 条新闻数据
2025-04-10 03:36:34,877 - INFO - 成功提取 20 条新闻数据
2025-04-10 03:36:35,651 - INFO - 成功提取 20 条新闻数据
2025-04-10 03:36:36,431 - INFO - 成功提取 20 条新闻数据
2025-04-10 03:36:37,215 - INFO - 成功提取 20 条新闻数据
2025-04-10 03:36:37,935 - INFO - 成功提取 20 条新闻数据
2025-04-10 03:36:38,747 - INFO - 成功提取 20 条新闻数据
2025-04-10 03:36:39,489 - INFO - 成功提取 20 条新闻数据
2025-04-10 03:36:40,271 - INFO - 成功提取 20 条新闻数据
2025-04-10 03:36:41,094 - INFO - 成功提取 20 条新闻数据
2025-04-10 03:36:41,877 - INFO - 成功提取 20 条新闻数据
2025-04-10 03:36:42,637 - INFO - 成功提取 20 条新闻数据
2025-04-10 03:36:43,397 - INFO - 成功提取 20 条新闻数据
2025-04-10 03:36:44,141 - INFO - 成功提取 20 条新闻数据
2025-04-10 03:36:44,938 - INFO - 成功提取 20 条新闻数据
2025-04-10 03:36:45,724 - INFO - 成功提取 20 条新闻数据
2025-04-10 03:36:46,489 - INFO - 成功提取 20 条新闻数据
2025-04-10 03:36:47,216 - INFO - 成功提取 20 条新闻数据
2025-04-10 03:36:47,993 - INFO - 成功提取 20 条新闻数据
2025-04-10 03:36:48,761 - INFO - 成功提取 20 条新闻数据
2025-04-10 03:36:49,543 - INFO - 成功提取 20 条新闻数据
2025-04-10 03:36:50,317 - INFO - 成功提取 20 条新闻数据
2025-04-10 03:36:51,084 - INFO - 成功提取 20 条新闻数据
2025-04-10 03:36:51,900 - INFO - 成功提取 20 条新闻数据
2025-04-10 03:36:52,635 - INFO - 成功提取 20 条新闻数据
2025-04-10 03:36:53,359 - INFO - 成功提取 20 条新闻数据
2025-04-10 03:36:54,141 - INFO - 成功提取 20 条新闻数据
2025-04-10 03:36:54,900 - INFO - 成功提取 20 条新闻数据
2025-04-10 03:36:55,644 - INFO - 成功提取 20 条新闻数据
2025-04-10 03:36:56,402 - INFO - 成功提取 20 条新闻数据
2025-04-10 03:36:57,293 - INFO - 成功提取 20 条新闻数据
2025-04-10 03:36:58,027 - INFO - 成功提取 20 条新闻数据
2025-04-10 03:36:58,791 - INFO - 成功提取 20 条新闻数据
2025-04-10 03:36:59,527 - INFO - 成功提取 20 条新闻数据
2025-04-10 03:37:00,287 - INFO - 成功提取 20 条新闻数据
2025-04-10 03:37:01,060 - INFO - 成功提取 20 条新闻数据
2025-04-10 03:37:01,766 - INFO - 成功提取 20 条新闻数据
2025-04-10 03:37:02,468 - INFO - 成功提取 20 条新闻数据
2025-04-10 03:37:03,237 - INFO - 成功提取 20 条新闻数据
2025-04-10 03:37:04,016 - INFO - 成功提取 20 条新闻数据
2025-04-10 03:37:04,775 - INFO - 成功提取 20 条新闻数据
2025-04-10 03:37:05,541 - INFO - 成功提取 20 条新闻数据
2025-04-10 03:37:06,292 - WARNING - 时间解析失败: 2025年 3月31日 23:06 -> time data '2025年 3月31日' does not match format '%Y-%m-%d %H:%M'
2025-04-10 03:37:06,292 - WARNING - 时间解析失败: 2025年 3月31日 22:33 -> time data '2025年 3月31日' does not match format '%Y-%m-%d %H:%M'
2025-04-10 03:37:06,292 - WARNING - 时间解析失败: 2025年 3月31日 22:15 -> time data '2025年 3月31日' does not match format '%Y-%m-%d %H:%M'
2025-04-10 03:37:06,292 - WARNING - 时间解析失败: 2025年 3月31日 22:09 -> time data '2025年 3月31日' does not match format '%Y-%m-%d %H:%M'
2025-04-10 03:37:06,292 - WARNING - 时间解析失败: 2025年 3月31日 22:04 -> time data '2025年 3月31日' does not match format '%Y-%m-%d %H:%M'
2025-04-10 03:37:06,292 - INFO - 成功提取 20 条新闻数据
2025-04-10 03:37:06,292 - INFO - 已到达截止日期 2025-03-01，停止翻页
2025-04-10 03:37:12,080 - INFO - 数据已保存到 data/news_data_20250410_033712.csv
2025-04-10 03:37:12,105 - DEBUG - Building prefix dict from the default dictionary ...
2025-04-10 03:37:12,948 - DEBUG - Dumping model to file cache C:\Users\ADMINI~1\AppData\Local\Temp\jieba.cache
2025-04-10 03:37:12,999 - DEBUG - Loading model cost 0.894 seconds.
2025-04-10 03:37:13,005 - DEBUG - Prefix dict has been built successfully.
2025-04-10 03:37:15,815 - INFO - 词云图已保存至 visualizations/wordcloud.png
2025-04-10 03:37:22,627 - INFO - 传播趋势图已保存至 visualizations/trend_plot.png
2025-04-10 03:37:22,635 - INFO - 清洗后的合并数据已保存（共 975 条）

2025-04-10 04:02:45,654 - INFO - 开始爬取 sina 的新闻...
2025-04-10 04:02:45,663 - INFO - ====== WebDriver manager ======
2025-04-10 04:02:46,480 - INFO - Get LATEST chromedriver version for google-chrome
2025-04-10 04:02:47,003 - INFO - Get LATEST chromedriver version for google-chrome
2025-04-10 04:02:47,510 - INFO - Driver [C:\Users\Administrator\.wdm\drivers\chromedriver\win64\135.0.7049.84\chromedriver-win32/chromedriver.exe] found in cache
2025-04-10 04:02:51,274 - INFO - 成功提取 20 条新闻数据
2025-04-10 04:02:52,049 - INFO - 成功提取 20 条新闻数据
2025-04-10 04:02:52,823 - INFO - 成功提取 20 条新闻数据
2025-04-10 04:02:53,562 - INFO - 成功提取 20 条新闻数据
2025-04-10 04:02:54,362 - INFO - 成功提取 20 条新闻数据
2025-04-10 04:02:55,135 - INFO - 成功提取 20 条新闻数据
2025-04-10 04:02:55,904 - INFO - 成功提取 20 条新闻数据
2025-04-10 04:02:56,665 - INFO - 成功提取 20 条新闻数据
2025-04-10 04:02:57,440 - INFO - 成功提取 20 条新闻数据
2025-04-10 04:03:34,045 - INFO - 数据已保存到 data/news_data_20250410_040334.csv
2025-04-10 04:03:34,110 - DEBUG - Building prefix dict from the default dictionary ...
2025-04-10 04:03:34,112 - DEBUG - Loading model from cache C:\Users\ADMINI~1\AppData\Local\Temp\jieba.cache
2025-04-10 04:03:34,749 - DEBUG - Loading model cost 0.637 seconds.
2025-04-10 04:03:34,750 - DEBUG - Prefix dict has been built successfully.
2025-04-10 04:03:35,652 - INFO - 词云图已保存至 visualizations/wordcloud.png
2025-04-10 04:03:36,348 - INFO - 词频统计图已保存
2025-04-10 04:03:36,539 - INFO - 传播趋势图已保存至 visualizations/trend_plot.png
2025-04-10 04:03:36,547 - INFO - 清洗后的合并数据已保存（共 976 条）
2025-04-10 04:24:23,040 - INFO - 开始爬取 sina 的新闻...
2025-04-10 04:24:23,040 - INFO - ====== WebDriver manager ======
2025-04-10 04:24:24,280 - INFO - Get LATEST chromedriver version for google-chrome
2025-04-10 04:24:24,898 - INFO - Get LATEST chromedriver version for google-chrome
2025-04-10 04:24:26,272 - INFO - Driver [C:\Users\Administrator\.wdm\drivers\chromedriver\win64\135.0.7049.84\chromedriver-win32/chromedriver.exe] found in cache
2025-04-10 04:24:30,148 - INFO - 成功提取 20 条新闻数据
2025-04-10 04:24:30,975 - INFO - 成功提取 20 条新闻数据
2025-04-10 04:24:31,695 - INFO - 成功提取 20 条新闻数据
2025-04-10 04:24:32,392 - INFO - 成功提取 20 条新闻数据
2025-04-10 04:24:33,177 - INFO - 成功提取 20 条新闻数据
2025-04-10 04:24:33,881 - INFO - 成功提取 20 条新闻数据
2025-04-10 04:24:34,642 - INFO - 成功提取 20 条新闻数据
2025-04-10 04:24:35,415 - INFO - 成功提取 20 条新闻数据
2025-04-10 04:24:36,173 - INFO - 成功提取 20 条新闻数据
2025-04-10 04:24:36,896 - INFO - 成功提取 20 条新闻数据
2025-04-10 04:24:37,632 - INFO - 成功提取 20 条新闻数据
2025-04-10 04:24:38,319 - INFO - 成功提取 20 条新闻数据
2025-04-10 04:24:39,037 - INFO - 成功提取 20 条新闻数据
2025-04-10 04:24:39,791 - INFO - 成功提取 20 条新闻数据
2025-04-10 04:24:40,512 - INFO - 成功提取 20 条新闻数据
2025-04-10 04:24:41,271 - INFO - 成功提取 20 条新闻数据
2025-04-10 04:24:41,973 - INFO - 成功提取 20 条新闻数据
2025-04-10 04:24:42,759 - INFO - 成功提取 20 条新闻数据
2025-04-10 04:24:43,520 - INFO - 成功提取 20 条新闻数据
2025-04-10 04:24:44,277 - INFO - 成功提取 20 条新闻数据
2025-04-10 04:24:44,973 - INFO - 成功提取 20 条新闻数据
2025-04-10 04:24:45,710 - INFO - 成功提取 20 条新闻数据
2025-04-10 04:24:46,470 - INFO - 成功提取 20 条新闻数据
2025-04-10 04:24:47,224 - INFO - 成功提取 20 条新闻数据
2025-04-10 04:24:47,986 - INFO - 成功提取 20 条新闻数据
2025-04-10 04:24:48,746 - INFO - 成功提取 20 条新闻数据
2025-04-10 04:24:49,551 - INFO - 成功提取 20 条新闻数据
2025-04-10 04:24:50,355 - INFO - 成功提取 20 条新闻数据
2025-04-10 04:24:51,114 - INFO - 成功提取 20 条新闻数据
2025-04-10 04:24:51,821 - INFO - 成功提取 20 条新闻数据
2025-04-10 04:24:52,546 - INFO - 成功提取 20 条新闻数据
2025-04-10 04:24:53,356 - INFO - 成功提取 20 条新闻数据
2025-04-10 04:24:54,125 - INFO - 成功提取 20 条新闻数据
2025-04-10 04:24:54,839 - INFO - 成功提取 20 条新闻数据
2025-04-10 04:24:55,607 - INFO - 成功提取 20 条新闻数据
2025-04-10 04:24:56,344 - INFO - 成功提取 20 条新闻数据
2025-04-10 04:24:57,186 - INFO - 成功提取 20 条新闻数据
2025-04-10 04:24:57,959 - INFO - 成功提取 20 条新闻数据
2025-04-10 04:24:58,655 - INFO - 成功提取 20 条新闻数据
2025-04-10 04:24:59,465 - INFO - 成功提取 20 条新闻数据
2025-04-10 04:25:00,239 - INFO - 成功提取 20 条新闻数据
2025-04-10 04:25:01,064 - INFO - 成功提取 20 条新闻数据
2025-04-10 04:25:01,771 - INFO - 成功提取 20 条新闻数据
2025-04-10 04:25:02,558 - INFO - 成功提取 20 条新闻数据
2025-04-10 04:25:03,297 - INFO - 成功提取 20 条新闻数据
2025-04-10 04:25:04,042 - INFO - 成功提取 20 条新闻数据
2025-04-10 04:25:04,741 - INFO - 成功提取 20 条新闻数据
2025-04-10 04:25:05,562 - INFO - 成功提取 20 条新闻数据
2025-04-10 04:25:06,311 - WARNING - 时间解析失败: 2025年 3月31日 23:06 -> time data '2025年 3月31日' does not match format '%Y-%m-%d %H:%M'
2025-04-10 04:25:06,311 - WARNING - 时间解析失败: 2025年 3月31日 22:33 -> time data '2025年 3月31日' does not match format '%Y-%m-%d %H:%M'
2025-04-10 04:25:06,311 - WARNING - 时间解析失败: 2025年 3月31日 22:15 -> time data '2025年 3月31日' does not match format '%Y-%m-%d %H:%M'
2025-04-10 04:25:06,311 - WARNING - 时间解析失败: 2025年 3月31日 22:09 -> time data '2025年 3月31日' does not match format '%Y-%m-%d %H:%M'
2025-04-10 04:25:06,311 - WARNING - 时间解析失败: 2025年 3月31日 22:04 -> time data '2025年 3月31日' does not match format '%Y-%m-%d %H:%M'
2025-04-10 04:25:06,311 - INFO - 成功提取 20 条新闻数据
2025-04-10 04:25:06,311 - INFO - 已到达截止日期 2025-03-01，停止翻页
2025-04-10 04:25:12,029 - INFO - 数据已保存到 data/news_data_20250410_042512.csv
2025-04-10 04:25:12,095 - DEBUG - Building prefix dict from the default dictionary ...
2025-04-10 04:25:12,103 - DEBUG - Loading model from cache C:\Users\ADMINI~1\AppData\Local\Temp\jieba.cache
2025-04-10 04:25:12,628 - DEBUG - Loading model cost 0.533 seconds.
2025-04-10 04:25:12,628 - DEBUG - Prefix dict has been built successfully.
2025-04-10 04:25:13,404 - INFO - 词云图已保存至 visualizations/wordcloud.png
2025-04-10 04:25:16,584 - INFO - 词频统计图已保存（PNG和PDF格式）
2025-04-10 04:25:16,796 - INFO - 传播趋势图已保存至 visualizations/trend_plot.png
2025-04-10 04:25:16,804 - INFO - 清洗后的合并数据已保存（共 976 条）
2025-04-10 04:29:53,253 - INFO - 开始爬取 sina 的新闻...
2025-04-10 04:29:53,253 - INFO - ====== WebDriver manager ======
2025-04-10 04:29:54,119 - INFO - Get LATEST chromedriver version for google-chrome
2025-04-10 04:29:54,525 - INFO - Get LATEST chromedriver version for google-chrome
2025-04-10 04:29:54,972 - INFO - Driver [C:\Users\Administrator\.wdm\drivers\chromedriver\win64\135.0.7049.84\chromedriver-win32/chromedriver.exe] found in cache
2025-04-10 04:29:58,525 - INFO - 成功提取 20 条新闻数据
2025-04-10 04:29:59,353 - INFO - 成功提取 20 条新闻数据
2025-04-10 04:30:00,135 - INFO - 成功提取 20 条新闻数据
2025-04-10 04:30:00,879 - INFO - 成功提取 20 条新闻数据
2025-04-10 04:30:01,666 - INFO - 成功提取 20 条新闻数据
2025-04-10 04:30:02,399 - INFO - 成功提取 20 条新闻数据
2025-04-10 04:30:03,127 - INFO - 成功提取 20 条新闻数据
2025-04-10 04:30:03,898 - INFO - 成功提取 20 条新闻数据
2025-04-10 04:30:04,664 - INFO - 成功提取 20 条新闻数据
2025-04-10 04:30:05,404 - INFO - 成功提取 20 条新闻数据
2025-04-10 04:30:06,134 - INFO - 成功提取 20 条新闻数据
2025-04-10 04:30:06,924 - INFO - 成功提取 20 条新闻数据
2025-04-10 04:30:07,787 - INFO - 成功提取 20 条新闻数据
2025-04-10 04:30:08,585 - INFO - 成功提取 20 条新闻数据
2025-04-10 04:30:09,321 - INFO - 成功提取 20 条新闻数据
2025-04-10 04:30:10,201 - INFO - 成功提取 20 条新闻数据
2025-04-10 04:30:10,943 - INFO - 成功提取 20 条新闻数据
2025-04-10 04:30:11,692 - INFO - 成功提取 20 条新闻数据
2025-04-10 04:30:12,422 - INFO - 成功提取 20 条新闻数据
2025-04-10 04:30:13,198 - INFO - 成功提取 20 条新闻数据
2025-04-10 04:30:13,999 - INFO - 成功提取 20 条新闻数据
2025-04-10 04:30:14,750 - INFO - 成功提取 20 条新闻数据
2025-04-10 04:30:15,502 - INFO - 成功提取 20 条新闻数据
2025-04-10 04:30:16,223 - INFO - 成功提取 20 条新闻数据
2025-04-10 04:30:16,973 - INFO - 成功提取 20 条新闻数据
2025-04-10 04:30:17,683 - INFO - 成功提取 20 条新闻数据
2025-04-10 04:30:18,550 - INFO - 成功提取 20 条新闻数据
2025-04-10 04:30:19,319 - INFO - 成功提取 20 条新闻数据
2025-04-10 04:30:20,049 - INFO - 成功提取 20 条新闻数据
2025-04-10 04:30:20,822 - INFO - 成功提取 20 条新闻数据
2025-04-10 04:30:21,531 - INFO - 成功提取 20 条新闻数据
2025-04-10 04:30:22,276 - INFO - 成功提取 20 条新闻数据
2025-04-10 04:30:23,077 - INFO - 成功提取 20 条新闻数据
2025-04-10 04:30:23,867 - INFO - 成功提取 20 条新闻数据
2025-04-10 04:30:24,612 - INFO - 成功提取 20 条新闻数据
2025-04-10 04:30:25,343 - INFO - 成功提取 20 条新闻数据
2025-04-10 04:30:26,152 - INFO - 成功提取 20 条新闻数据
2025-04-10 04:30:26,863 - INFO - 成功提取 20 条新闻数据
2025-04-10 04:30:27,710 - INFO - 成功提取 20 条新闻数据
2025-04-10 04:30:28,495 - INFO - 成功提取 20 条新闻数据
2025-04-10 04:30:29,255 - INFO - 成功提取 20 条新闻数据
2025-04-10 04:30:29,978 - INFO - 成功提取 20 条新闻数据
2025-04-10 04:30:30,727 - INFO - 成功提取 20 条新闻数据
2025-04-10 04:30:31,496 - INFO - 成功提取 20 条新闻数据
2025-04-10 04:30:32,213 - INFO - 成功提取 20 条新闻数据
2025-04-10 04:30:32,994 - INFO - 成功提取 20 条新闻数据
2025-04-10 04:30:33,743 - INFO - 成功提取 20 条新闻数据
2025-04-10 04:30:34,490 - INFO - 成功提取 20 条新闻数据
2025-04-10 04:30:35,263 - WARNING - 时间解析失败: 2025年 3月31日 23:06 -> time data '2025年 3月31日' does not match format '%Y-%m-%d %H:%M'
2025-04-10 04:30:35,292 - WARNING - 时间解析失败: 2025年 3月31日 22:33 -> time data '2025年 3月31日' does not match format '%Y-%m-%d %H:%M'
2025-04-10 04:30:35,292 - WARNING - 时间解析失败: 2025年 3月31日 22:15 -> time data '2025年 3月31日' does not match format '%Y-%m-%d %H:%M'
2025-04-10 04:30:35,292 - WARNING - 时间解析失败: 2025年 3月31日 22:09 -> time data '2025年 3月31日' does not match format '%Y-%m-%d %H:%M'
2025-04-10 04:30:35,292 - INFO - 成功提取 20 条新闻数据
2025-04-10 04:30:35,292 - INFO - 已到达截止日期 2025-03-01，停止翻页
2025-04-10 04:30:41,091 - INFO - 数据已保存到 data/news_data_20250410_043041.csv
2025-04-10 04:30:41,174 - DEBUG - Building prefix dict from the default dictionary ...
2025-04-10 04:30:41,174 - DEBUG - Loading model from cache C:\Users\ADMINI~1\AppData\Local\Temp\jieba.cache
2025-04-10 04:30:41,869 - DEBUG - Loading model cost 0.694 seconds.
2025-04-10 04:30:41,869 - DEBUG - Prefix dict has been built successfully.
2025-04-10 04:30:42,693 - INFO - 词云图已保存至 visualizations/wordcloud.png
2025-04-10 04:30:43,736 - INFO - 词频统计图已保存（PNG和PDF格式）
2025-04-10 04:30:43,897 - INFO - 传播趋势图已保存至 visualizations/trend_plot.png
2025-04-10 04:30:43,901 - INFO - 清洗后的合并数据已保存（共 977 条）
2025-04-15 15:14:36,459 - INFO - 开始爬取 sina 的新闻...
2025-04-15 15:14:36,459 - INFO - ====== WebDriver manager ======
2025-04-15 15:14:37,797 - INFO - Get LATEST chromedriver version for google-chrome
2025-04-15 15:14:38,206 - INFO - Get LATEST chromedriver version for google-chrome
2025-04-15 15:14:38,532 - INFO - Get LATEST chromedriver version for google-chrome
2025-04-15 15:14:39,291 - INFO - WebDriver version 135.0.7049.84 selected
2025-04-15 15:14:39,297 - INFO - Modern chrome version https://storage.googleapis.com/chrome-for-testing-public/135.0.7049.84/win32/chromedriver-win32.zip
2025-04-15 15:14:39,297 - INFO - About to download new driver from https://storage.googleapis.com/chrome-for-testing-public/135.0.7049.84/win32/chromedriver-win32.zip
2025-04-15 15:14:39,735 - INFO - Driver downloading response is 200
2025-04-15 15:14:40,773 - INFO - Get LATEST chromedriver version for google-chrome
2025-04-15 15:14:41,266 - INFO - Driver has been saved in cache [C:\Users\Administrator\.wdm\drivers\chromedriver\win64\135.0.7049.84]
2025-04-15 15:14:57,702 - INFO - 成功提取 20 条新闻数据
2025-04-15 15:14:59,650 - INFO - 成功提取 20 条新闻数据
2025-04-15 15:15:00,953 - INFO - 成功提取 20 条新闻数据
2025-04-15 15:15:02,278 - INFO - 成功提取 20 条新闻数据
2025-04-15 15:15:03,556 - INFO - 成功提取 20 条新闻数据
2025-04-15 15:15:04,846 - INFO - 成功提取 20 条新闻数据
2025-04-15 15:15:06,133 - INFO - 成功提取 20 条新闻数据
2025-04-15 15:15:07,573 - INFO - 成功提取 20 条新闻数据
2025-04-15 15:15:08,864 - INFO - 成功提取 20 条新闻数据
2025-04-15 15:15:10,133 - INFO - 成功提取 20 条新闻数据
2025-04-15 15:15:11,449 - INFO - 成功提取 20 条新闻数据
2025-04-15 15:15:12,737 - INFO - 成功提取 20 条新闻数据
2025-04-15 15:15:14,100 - INFO - 成功提取 20 条新闻数据
2025-04-15 15:15:15,397 - INFO - 成功提取 20 条新闻数据
2025-04-15 15:15:16,645 - INFO - 成功提取 20 条新闻数据
2025-04-15 15:15:17,518 - INFO - 成功提取 20 条新闻数据
2025-04-15 15:15:18,848 - INFO - 成功提取 20 条新闻数据
2025-04-15 15:15:20,193 - INFO - 成功提取 20 条新闻数据
2025-04-15 15:15:21,523 - INFO - 成功提取 20 条新闻数据
2025-04-15 15:15:22,861 - INFO - 成功提取 20 条新闻数据
2025-04-15 15:15:24,217 - INFO - 成功提取 20 条新闻数据
2025-04-15 15:15:25,481 - INFO - 成功提取 20 条新闻数据
2025-04-15 15:15:26,797 - INFO - 成功提取 20 条新闻数据
2025-04-15 15:15:28,131 - INFO - 成功提取 20 条新闻数据
2025-04-15 15:15:29,504 - INFO - 成功提取 20 条新闻数据
2025-04-15 15:15:30,812 - INFO - 成功提取 20 条新闻数据
2025-04-15 15:15:32,085 - INFO - 成功提取 20 条新闻数据
2025-04-15 15:15:33,357 - INFO - 成功提取 20 条新闻数据
2025-04-15 15:15:34,672 - INFO - 成功提取 20 条新闻数据
2025-04-15 15:15:36,004 - INFO - 成功提取 20 条新闻数据
2025-04-15 15:15:37,349 - INFO - 成功提取 20 条新闻数据
2025-04-15 15:15:38,650 - INFO - 成功提取 20 条新闻数据
2025-04-15 15:15:39,910 - INFO - 成功提取 20 条新闻数据
2025-04-15 15:15:41,365 - INFO - 成功提取 20 条新闻数据
2025-04-15 15:15:42,690 - INFO - 成功提取 20 条新闻数据
2025-04-15 15:15:43,992 - INFO - 成功提取 20 条新闻数据
2025-04-15 15:15:45,351 - INFO - 成功提取 20 条新闻数据
2025-04-15 15:15:46,623 - INFO - 成功提取 20 条新闻数据
2025-04-15 15:15:47,936 - INFO - 成功提取 20 条新闻数据
2025-04-15 15:15:49,246 - INFO - 成功提取 20 条新闻数据
2025-04-15 15:15:50,584 - INFO - 成功提取 20 条新闻数据
2025-04-15 15:15:51,851 - INFO - 成功提取 20 条新闻数据
2025-04-15 15:15:53,169 - INFO - 成功提取 20 条新闻数据
2025-04-15 15:15:54,522 - INFO - 成功提取 20 条新闻数据
2025-04-15 15:15:55,975 - INFO - 成功提取 20 条新闻数据
2025-04-15 15:15:57,337 - INFO - 成功提取 20 条新闻数据
2025-04-15 15:15:58,723 - INFO - 成功提取 20 条新闻数据
2025-04-15 15:16:00,039 - INFO - 成功提取 20 条新闻数据
2025-04-15 15:16:01,379 - INFO - 成功提取 20 条新闻数据
2025-04-15 15:16:02,758 - INFO - 成功提取 20 条新闻数据
2025-04-15 15:16:04,145 - INFO - 成功提取 20 条新闻数据
2025-04-15 15:16:05,413 - INFO - 成功提取 20 条新闻数据
2025-04-15 15:16:06,684 - INFO - 成功提取 20 条新闻数据
2025-04-15 15:16:08,007 - INFO - 成功提取 20 条新闻数据
2025-04-15 15:16:09,335 - INFO - 成功提取 20 条新闻数据
2025-04-15 15:16:10,653 - INFO - 成功提取 20 条新闻数据
2025-04-15 15:16:12,406 - INFO - 成功提取 20 条新闻数据
2025-04-15 15:16:14,253 - INFO - 成功提取 20 条新闻数据
2025-04-15 15:16:15,489 - INFO - 成功提取 20 条新闻数据
2025-04-15 15:16:16,749 - INFO - 成功提取 20 条新闻数据
2025-04-15 15:16:18,033 - INFO - 成功提取 20 条新闻数据
2025-04-15 15:16:19,309 - INFO - 成功提取 20 条新闻数据
2025-04-15 15:16:20,599 - INFO - 成功提取 20 条新闻数据
2025-04-15 15:16:21,878 - INFO - 成功提取 20 条新闻数据
2025-04-15 15:16:23,715 - INFO - 成功提取 20 条新闻数据
2025-04-15 15:16:25,079 - INFO - 成功提取 20 条新闻数据
2025-04-15 15:16:26,416 - INFO - 成功提取 20 条新闻数据
2025-04-15 15:16:27,686 - INFO - 成功提取 20 条新闻数据
2025-04-15 15:16:29,036 - INFO - 成功提取 20 条新闻数据
2025-04-15 15:16:30,850 - INFO - 成功提取 20 条新闻数据
2025-04-15 15:16:32,650 - INFO - 成功提取 20 条新闻数据
2025-04-15 15:16:33,949 - INFO - 成功提取 20 条新闻数据
2025-04-15 15:16:35,218 - INFO - 成功提取 20 条新闻数据
2025-04-15 15:16:37,041 - INFO - 成功提取 20 条新闻数据
2025-04-15 15:16:39,389 - WARNING - 时间解析失败: 2025年 3月31日 23:06 -> time data '2025年 3月31日' does not match format '%Y-%m-%d %H:%M'
2025-04-15 15:16:39,389 - WARNING - 时间解析失败: 2025年 3月31日 22:33 -> time data '2025年 3月31日' does not match format '%Y-%m-%d %H:%M'
2025-04-15 15:16:39,391 - INFO - 成功提取 20 条新闻数据
2025-04-15 15:16:39,391 - INFO - 已到达截止日期 2025-03-01，停止翻页
2025-04-15 15:16:44,318 - INFO - 数据已保存到 data/news_data_20250415_151644.csv
2025-04-15 15:16:44,368 - DEBUG - Building prefix dict from the default dictionary ...
2025-04-15 15:16:44,374 - DEBUG - Loading model from cache C:\Users\ADMINI~1\AppData\Local\Temp\jieba.cache
2025-04-15 15:16:45,147 - DEBUG - Loading model cost 0.779 seconds.
2025-04-15 15:16:45,147 - DEBUG - Prefix dict has been built successfully.
2025-04-15 15:16:46,288 - INFO - 词云图已保存至 visualizations/wordcloud.png
2025-04-15 15:16:52,526 - INFO - 词频统计图已保存（PNG和PDF格式）
2025-04-15 15:16:52,697 - INFO - 传播趋势图已保存至 visualizations/trend_plot.png
2025-04-15 15:16:52,738 - INFO - 清洗后的合并数据已保存（共 1500 条）
2025-05-23 08:21:33,103 - INFO - 开始爬取 sina 的新闻...
2025-05-23 08:21:33,103 - INFO - ====== WebDriver manager ======
2025-05-23 08:21:33,658 - INFO - Get LATEST chromedriver version for google-chrome
2025-05-23 08:21:33,872 - INFO - Get LATEST chromedriver version for google-chrome
2025-05-23 08:21:34,036 - INFO - There is no [win64] chromedriver "136.0.7103.113" for browser google-chrome "136.0.7103" in cache
2025-05-23 08:21:34,036 - INFO - Get LATEST chromedriver version for google-chrome
2025-05-23 08:21:34,450 - INFO - WebDriver version 136.0.7103.113 selected
2025-05-23 08:21:34,453 - INFO - Modern chrome version https://storage.googleapis.com/chrome-for-testing-public/136.0.7103.113/win32/chromedriver-win32.zip
2025-05-23 08:21:34,453 - INFO - About to download new driver from https://storage.googleapis.com/chrome-for-testing-public/136.0.7103.113/win32/chromedriver-win32.zip
2025-05-23 08:21:34,591 - INFO - Driver downloading response is 200
2025-05-23 08:21:35,092 - INFO - Get LATEST chromedriver version for google-chrome
2025-05-23 08:21:35,352 - INFO - Driver has been saved in cache [C:\Users\Administrator\.wdm\drivers\chromedriver\win64\136.0.7103.113]
2025-05-23 08:21:56,484 - INFO - 成功提取 0 条新闻链接
2025-05-23 08:21:56,521 - INFO - 数据已保存到 data/news_data_20250523_082156.csv
2025-05-23 08:22:32,802 - INFO - 开始爬取 sina 的新闻...
2025-05-23 08:22:32,803 - INFO - ====== WebDriver manager ======
2025-05-23 08:22:33,316 - INFO - Get LATEST chromedriver version for google-chrome
2025-05-23 08:22:33,514 - INFO - Get LATEST chromedriver version for google-chrome
2025-05-23 08:22:33,767 - INFO - Driver [C:\Users\Administrator\.wdm\drivers\chromedriver\win64\136.0.7103.113\chromedriver-win32/chromedriver.exe] found in cache
2025-05-23 08:22:49,794 - INFO - 成功提取 0 条新闻链接
2025-05-23 08:22:49,797 - INFO - 数据已保存到 data/news_data_20250523_082249.csv
2025-05-23 08:24:10,861 - INFO - 开始爬取 sina 的新闻...
2025-05-23 08:24:10,862 - INFO - ====== WebDriver manager ======
2025-05-23 08:24:11,367 - INFO - Get LATEST chromedriver version for google-chrome
2025-05-23 08:24:11,554 - INFO - Get LATEST chromedriver version for google-chrome
2025-05-23 08:24:11,718 - INFO - Driver [C:\Users\Administrator\.wdm\drivers\chromedriver\win64\136.0.7103.113\chromedriver-win32/chromedriver.exe] found in cache
2025-05-23 08:24:18,466 - INFO - 成功提取 20 条新闻数据
2025-05-23 08:24:20,185 - INFO - 成功提取 20 条新闻数据
2025-05-23 08:24:20,850 - INFO - 成功提取 20 条新闻数据
2025-05-23 08:24:21,467 - INFO - 成功提取 20 条新闻数据
2025-05-23 08:24:22,130 - INFO - 成功提取 20 条新闻数据
2025-05-23 08:24:22,773 - INFO - 成功提取 20 条新闻数据
2025-05-23 08:24:23,395 - INFO - 成功提取 20 条新闻数据
2025-05-23 08:24:24,053 - INFO - 成功提取 20 条新闻数据
2025-05-23 08:24:24,713 - INFO - 成功提取 20 条新闻数据
2025-05-23 08:24:25,331 - INFO - 成功提取 20 条新闻数据
2025-05-23 08:24:25,956 - INFO - 成功提取 20 条新闻数据
2025-05-23 08:24:26,571 - INFO - 成功提取 20 条新闻数据
2025-05-23 08:24:27,193 - INFO - 成功提取 20 条新闻数据
2025-05-23 08:24:27,841 - INFO - 成功提取 20 条新闻数据
2025-05-23 08:24:28,451 - INFO - 成功提取 20 条新闻数据
2025-05-23 08:24:29,114 - INFO - 成功提取 20 条新闻数据
2025-05-23 08:24:29,748 - INFO - 成功提取 20 条新闻数据
2025-05-23 08:24:30,373 - INFO - 成功提取 20 条新闻数据
2025-05-23 08:24:31,034 - INFO - 成功提取 20 条新闻数据
2025-05-23 08:24:31,660 - INFO - 成功提取 20 条新闻数据
2025-05-23 08:24:32,300 - INFO - 成功提取 20 条新闻数据
2025-05-23 08:24:32,928 - INFO - 成功提取 20 条新闻数据
2025-05-23 08:24:33,571 - INFO - 成功提取 20 条新闻数据
2025-05-23 08:24:34,247 - INFO - 成功提取 20 条新闻数据
2025-05-23 08:24:34,930 - INFO - 成功提取 20 条新闻数据
2025-05-23 08:24:35,557 - INFO - 成功提取 20 条新闻数据
2025-05-23 08:24:36,230 - INFO - 成功提取 20 条新闻数据
2025-05-23 08:24:36,904 - INFO - 成功提取 20 条新闻数据
2025-05-23 08:24:37,517 - INFO - 成功提取 20 条新闻数据
2025-05-23 08:24:38,142 - INFO - 成功提取 20 条新闻数据
2025-05-23 08:24:38,749 - INFO - 成功提取 20 条新闻数据
2025-05-23 08:24:39,380 - INFO - 成功提取 20 条新闻数据
2025-05-23 08:24:40,027 - INFO - 成功提取 20 条新闻数据
2025-05-23 08:24:40,674 - INFO - 成功提取 20 条新闻数据
2025-05-23 08:24:41,321 - INFO - 成功提取 20 条新闻数据
2025-05-23 08:24:41,969 - INFO - 成功提取 20 条新闻数据
2025-05-23 08:24:42,648 - INFO - 成功提取 20 条新闻数据
2025-05-23 08:24:43,317 - INFO - 成功提取 20 条新闻数据
2025-05-23 08:24:43,983 - INFO - 成功提取 20 条新闻数据
2025-05-23 08:24:44,612 - INFO - 成功提取 20 条新闻数据
2025-05-23 08:24:45,238 - INFO - 成功提取 20 条新闻数据
2025-05-23 08:24:45,856 - INFO - 成功提取 20 条新闻数据
2025-05-23 08:24:46,503 - INFO - 成功提取 20 条新闻数据
2025-05-23 08:24:47,108 - INFO - 成功提取 20 条新闻数据
2025-05-23 08:24:47,731 - INFO - 成功提取 20 条新闻数据
2025-05-23 08:24:48,346 - INFO - 成功提取 20 条新闻数据
2025-05-23 08:24:49,001 - INFO - 成功提取 20 条新闻数据
2025-05-23 08:24:49,682 - INFO - 成功提取 20 条新闻数据
2025-05-23 08:24:50,626 - INFO - 成功提取 20 条新闻数据
2025-05-23 08:24:51,726 - INFO - 成功提取 20 条新闻数据
2025-05-23 08:24:52,747 - INFO - 成功提取 20 条新闻数据
2025-05-23 08:24:54,210 - INFO - 成功提取 20 条新闻数据
2025-05-23 08:24:55,858 - INFO - 成功提取 20 条新闻数据
2025-05-23 08:24:57,587 - INFO - 成功提取 20 条新闻数据
2025-05-23 08:24:58,434 - INFO - 成功提取 20 条新闻数据
2025-05-23 08:24:59,286 - INFO - 成功提取 20 条新闻数据
2025-05-23 08:25:00,235 - INFO - 成功提取 20 条新闻数据
2025-05-23 08:25:01,164 - INFO - 成功提取 20 条新闻数据
2025-05-23 08:25:02,375 - INFO - 成功提取 20 条新闻数据
2025-05-23 08:25:03,560 - INFO - 成功提取 20 条新闻数据
2025-05-23 08:25:04,560 - INFO - 成功提取 20 条新闻数据
2025-05-23 08:25:05,565 - INFO - 成功提取 20 条新闻数据
2025-05-23 08:25:06,516 - INFO - 成功提取 20 条新闻数据
2025-05-23 08:25:07,967 - INFO - 成功提取 20 条新闻数据
2025-05-23 08:25:08,842 - INFO - 成功提取 20 条新闻数据
2025-05-23 08:25:09,797 - INFO - 成功提取 20 条新闻数据
2025-05-23 08:25:10,795 - INFO - 成功提取 20 条新闻数据
2025-05-23 08:25:12,276 - INFO - 成功提取 20 条新闻数据
2025-05-23 08:25:13,415 - INFO - 成功提取 20 条新闻数据
2025-05-23 08:25:14,922 - INFO - 成功提取 20 条新闻数据
2025-05-23 08:25:16,199 - INFO - 成功提取 20 条新闻数据
2025-05-23 08:25:17,211 - INFO - 成功提取 20 条新闻数据
2025-05-23 08:25:18,399 - INFO - 成功提取 20 条新闻数据
2025-05-23 08:25:19,378 - INFO - 成功提取 20 条新闻数据
2025-05-23 08:25:20,293 - INFO - 成功提取 20 条新闻数据
2025-05-23 08:25:21,473 - INFO - 成功提取 20 条新闻数据
2025-05-23 08:25:22,543 - INFO - 成功提取 20 条新闻数据
2025-05-23 08:25:23,602 - INFO - 成功提取 20 条新闻数据
2025-05-23 08:25:24,669 - INFO - 成功提取 20 条新闻数据
2025-05-23 08:25:26,172 - INFO - 成功提取 20 条新闻数据
2025-05-23 08:25:27,231 - INFO - 成功提取 20 条新闻数据
2025-05-23 08:25:28,251 - INFO - 成功提取 20 条新闻数据
2025-05-23 08:25:29,313 - INFO - 成功提取 20 条新闻数据
2025-05-23 08:25:30,571 - INFO - 成功提取 20 条新闻数据
2025-05-23 08:25:31,647 - INFO - 成功提取 20 条新闻数据
2025-05-23 08:25:32,702 - INFO - 成功提取 20 条新闻数据
2025-05-23 08:25:33,735 - INFO - 成功提取 20 条新闻数据
2025-05-23 08:25:34,832 - INFO - 成功提取 20 条新闻数据
2025-05-23 08:25:35,930 - INFO - 成功提取 20 条新闻数据
2025-05-23 08:25:37,239 - INFO - 成功提取 20 条新闻数据
2025-05-23 08:25:38,583 - INFO - 成功提取 20 条新闻数据
2025-05-23 08:25:39,885 - INFO - 成功提取 20 条新闻数据
2025-05-23 08:25:41,516 - INFO - 成功提取 20 条新闻数据
2025-05-23 08:25:42,615 - INFO - 成功提取 20 条新闻数据
2025-05-23 08:25:43,596 - INFO - 成功提取 20 条新闻数据
2025-05-23 08:25:44,502 - INFO - 成功提取 20 条新闻数据
2025-05-23 08:25:45,614 - INFO - 成功提取 20 条新闻数据
2025-05-23 08:25:46,997 - INFO - 成功提取 20 条新闻数据
2025-05-23 08:25:47,889 - WARNING - 时间解析失败: 2025年 4月30日 23:33 -> time data '2025年 4月30日' does not match format '%Y-%m-%d %H:%M'
2025-05-23 08:25:47,892 - WARNING - 时间解析失败: 2025年 4月30日 23:05 -> time data '2025年 4月30日' does not match format '%Y-%m-%d %H:%M'
2025-05-23 08:25:47,897 - WARNING - 时间解析失败: 2025年 4月30日 21:58 -> time data '2025年 4月30日' does not match format '%Y-%m-%d %H:%M'
2025-05-23 08:25:47,901 - WARNING - 时间解析失败: 2025年 4月30日 21:46 -> time data '2025年 4月30日' does not match format '%Y-%m-%d %H:%M'
2025-05-23 08:25:47,904 - WARNING - 时间解析失败: 2025年 4月30日 21:37 -> time data '2025年 4月30日' does not match format '%Y-%m-%d %H:%M'
2025-05-23 08:25:47,909 - WARNING - 时间解析失败: 2025年 4月30日 21:04 -> time data '2025年 4月30日' does not match format '%Y-%m-%d %H:%M'
2025-05-23 08:25:47,916 - WARNING - 时间解析失败: 2025年 4月30日 21:00 -> time data '2025年 4月30日' does not match format '%Y-%m-%d %H:%M'
2025-05-23 08:25:47,927 - WARNING - 时间解析失败: 2025年 4月30日 20:50 -> time data '2025年 4月30日' does not match format '%Y-%m-%d %H:%M'
2025-05-23 08:25:47,936 - WARNING - 时间解析失败: 2025年 4月30日 20:49 -> time data '2025年 4月30日' does not match format '%Y-%m-%d %H:%M'
2025-05-23 08:25:47,942 - INFO - 成功提取 20 条新闻数据
2025-05-23 08:25:47,943 - INFO - 已到达截止日期 2025-03-01，停止翻页
2025-05-23 08:25:52,638 - INFO - 数据已保存到 data/news_data_20250523_082552.csv
2025-05-23 08:25:52,705 - WARNING - 读取文件 news_data_20250523_082156.csv 失败: No columns to parse from file
2025-05-23 08:25:52,706 - WARNING - 读取文件 news_data_20250523_082249.csv 失败: No columns to parse from file
2025-05-23 08:25:52,846 - DEBUG - Building prefix dict from the default dictionary ...
2025-05-23 08:25:55,237 - DEBUG - Dumping model to file cache C:\Users\ADMINI~1\AppData\Local\Temp\jieba.cache
2025-05-23 08:25:55,364 - DEBUG - Loading model cost 2.515 seconds.
2025-05-23 08:25:55,365 - DEBUG - Prefix dict has been built successfully.
2025-05-23 08:26:01,657 - INFO - 词云图已保存至 visualizations/wordcloud.png
2025-05-23 08:26:05,366 - INFO - 词频统计图已保存（PNG和PDF格式）
2025-05-23 08:26:06,185 - INFO - 传播趋势图已保存至 visualizations/trend_plot.png
2025-05-23 08:26:06,323 - INFO - 清洗后的合并数据已保存（共 3471 条）
